Ôû▓ Next.js 16.2.1 (Turbopack)
- Environments: .env.local

npx : ÔÜá The 
"middleware" file 
convention is deprecated. 
Please use "proxy" 
instead. Learn more: https
://nextjs.org/docs/message
s/middleware-to-proxy
At line:1 char:1
+ npx next build 2>&1 | 
Tee-Object -FilePath 
"c:\Claude imp\WA GTM 
Proj ...
+ ~~~~~~~~~~~~~~~~~~~
    + CategoryInfo        
      : NotSpecified: (Ô  
  Üá The "middle...lewa   
 re-to-proxy:String) [    
], RemoteException
    + FullyQualifiedError 
   Id : NativeCommandErr  
  or
 
  Creating an optimized production build ...
Ô£ô Compiled successfully in 6.4s
  Running TypeScript ...
  Finished TypeScript in 219ms ...
  Collecting page data using 7 workers ...
  Generating static pages using 7 workers (0/13) ...
  Generating static pages using 7 workers (3/13) 
  Generating static pages using 7 workers (6/13) 
  Generating static pages using 7 workers (9/13) 
Ô£ô Generating static pages using 7 workers (13/13) in 977ms
  Finalizing page optimization ...

Route (app)
Ôöî Ôùï /
Ôö£ Ôùï /_not-found
Ôö£ ãÆ /accounts
Ôö£ ãÆ /api/v1/accounts
Ôö£ ãÆ /api/v1/accounts/[id]
Ôö£ ãÆ /api/v1/accounts/[id]/re-pair
Ôö£ ãÆ /campaigns
Ôö£ Ôùï /campaigns/new
Ôö£ ãÆ /contacts
Ôö£ Ôùï /login
Ôö£ ãÆ /settings
Ôö£ ãÆ /templates
Ôö£ ãÆ /templates/[id]/edit
Ôöö Ôùï /templates/new


ãÆ Proxy (Middleware)

Ôùï  (Static)   prerendered as static content
ãÆ  (Dynamic)  server-rendered on demand

